/*C3*/SET SCHEMA PUBLIC
DISCONNECT
/*C4*/SET SCHEMA PUBLIC
DISCONNECT
/*C5*/SET SCHEMA PUBLIC
INSERT INTO FUNCIONARIOS VALUES(6,'teste6','2000-10-06',6000.00)
COMMIT
/*C6*/SET SCHEMA PUBLIC
DISCONNECT
/*C5*/DISCONNECT
/*C8*/SET SCHEMA PUBLIC
DISCONNECT
/*C10*/SET SCHEMA PUBLIC
DISCONNECT
/*C7*/SET SCHEMA PUBLIC
DISCONNECT
/*C9*/SET SCHEMA PUBLIC
DISCONNECT
/*C11*/SET SCHEMA PUBLIC
DELETE FROM FUNCIONARIOS WHERE RE=6
COMMIT
DISCONNECT
/*C12*/SET SCHEMA PUBLIC
DISCONNECT
/*C15*/SET SCHEMA PUBLIC
DISCONNECT
/*C13*/SET SCHEMA PUBLIC
DISCONNECT
/*C14*/SET SCHEMA PUBLIC
DISCONNECT
/*C18*/SET SCHEMA PUBLIC
DELETE FROM FUNCIONARIOS WHERE RE=5
INSERT INTO FUNCIONARIOS VALUES(5,'Maria','2022-01-01',5555.00)
COMMIT
/*C16*/SET SCHEMA PUBLIC
DISCONNECT
/*C17*/SET SCHEMA PUBLIC
DISCONNECT
/*C18*/DISCONNECT
/*C19*/SET SCHEMA PUBLIC
DISCONNECT
